
> landing-page@0.0.1 build
> vite build

[36mvite v5.4.21 [32mbuilding SSR bundle for production...[36m[39m
transforming...
/*! ≡ƒî╝ daisyUI 5.1.14 */
node.exe : 8:12:49 PM [vite-plugin-svelte] 
src/routes/+page.svelte:496:4 Unused CSS selector 
".animate-shimmer"
At line:1 char:1
+ & "C:\Program Files\nodejs/node.exe" 
"C:\Users\A\AppData\Roaming\npm/ ...
+ ~~~~~~~~~~~~~~~~~~~~~~~~~~~~~~~~~~~~~~~~~~~~~~~~~~~~~~~~
~~~~~~~~~~~~~
    + CategoryInfo          : NotSpecified: (8:12:49 PM 
[vit.    ..nimate-shimmer":String) [], RemoteException
    + FullyQualifiedErrorId : NativeCommandError
 
https://svelte.dev/e/css_unused_selector
494:         }
495:     }
496:     .animate-shimmer {
                         ^
497:         animation: shimmer 8s linear infinite;
498:     }
[32mΓ£ô[39m 189 modules transformed.
rendering chunks...
[36mvite v5.4.21 [32mbuilding for production...[36m[39m
transforming...
8:12:55 PM [vite-plugin-svelte] 
src/routes/+page.svelte:496:4 Unused CSS selector 
".animate-shimmer"
https://svelte.dev/e/css_unused_selector
494:         }
495:     }
496:     .animate-shimmer {
                         ^
497:         animation: shimmer 8s linear infinite;
498:     }
[32mΓ£ô[39m 151 modules transformed.
rendering chunks...
computing gzip size...
[2m.svelte-kit/output/client/[22m[32m_app/version.json                       [39m[1m[2m 0.03 kB[22m[1m[22m[2m Γöé gzip:  0.05 kB[22m
[2m.svelte-kit/output/client/[22m[32m.vite/manifest.json                     [39m[1m[2m 3.27 kB[22m[1m[22m[2m Γöé gzip:  0.63 kB[22m
[2m.svelte-kit/output/client/[22m[35m_app/immutable/assets/2.DN0cHiqO.css    [39m[1m[2m 0.30 kB[22m[1m[22m[2m Γöé gzip:  0.19 kB[22m
[2m.svelte-kit/output/client/[22m[35m_app/immutable/assets/0.BnKlDTnp.css    [39m[1m[2m31.21 kB[22m[1m[22m[2m Γöé gzip:  6.62 kB[22m
[2m.svelte-kit/output/client/[22m[36m_app/immutable/chunks/B1ss5wEL.js       [39m[1m[2m 0.04 kB[22m[1m[22m[2m Γöé gzip:  0.06 kB[22m
[2m.svelte-kit/output/client/[22m[36m_app/immutable/entry/start.G9HhLf8P.js  [39m[1m[2m 0.08 kB[22m[1m[22m[2m Γöé gzip:  0.09 kB[22m
[2m.svelte-kit/output/client/[22m[36m_app/immutable/chunks/DRw3bNLI.js       [39m[1m[2m 0.24 kB[22m[1m[22m[2m Γöé gzip:  0.20 kB[22m
[2m.svelte-kit/output/client/[22m[36m_app/immutable/nodes/0.hH3HklBr.js      [39m[1m[2m 0.48 kB[22m[1m[22m[2m Γöé gzip:  0.35 kB[22m
[2m.svelte-kit/output/client/[22m[36m_app/immutable/chunks/AaAn0Ori.js       [39m[1m[2m 0.51 kB[22m[1m[22m[2m Γöé gzip:  0.33 kB[22m
[2m.svelte-kit/output/client/[22m[36m_app/immutable/nodes/1.uEJKAwrS.js      [39m[1m[2m 0.62 kB[22m[1m[22m[2m Γöé gzip:  0.38 kB[22m
[2m.svelte-kit/output/client/[22m[36m_app/immutable/chunks/CRop1Tol.js       [39m[1m[2m 1.08 kB[22m[1m[22m[2m Γöé gzip:  0.61 kB[22m
[2m.svelte-kit/output/client/[22m[36m_app/immutable/chunks/8Ke5fXE4.js       [39m[1m[2m 2.57 kB[22m[1m[22m[2m Γöé gzip:  1.16 kB[22m
[2m.svelte-kit/output/client/[22m[36m_app/immutable/chunks/BuSlvJv5.js       [39m[1m[2m 6.91 kB[22m[1m[22m[2m Γöé gzip:  2.96 kB[22m
[2m.svelte-kit/output/client/[22m[36m_app/immutable/entry/app.DtMtd-Y3.js    [39m[1m[2m 7.11 kB[22m[1m[22m[2m Γöé gzip:  3.30 kB[22m
[2m.svelte-kit/output/client/[22m[36m_app/immutable/nodes/2.BZ51A6SU.js      [39m[1m[2m20.31 kB[22m[1m[22m[2m Γöé gzip:  7.28 kB[22m
[2m.svelte-kit/output/client/[22m[36m_app/immutable/chunks/Burl61qS.js       [39m[1m[2m23.23 kB[22m[1m[22m[2m Γöé gzip:  9.03 kB[22m
[2m.svelte-kit/output/client/[22m[36m_app/immutable/chunks/DwEKm_2Z.js       [39m[1m[2m27.93 kB[22m[1m[22m[2m Γöé gzip: 10.83 kB[22m
[32mΓ£ô built in 2.01s[39m

[1;31m[404] GET /favicon_v2.png[0m

[1;31m[404] GET /spkp[0m

node:internal/event_target:1101
  process.nextTick(() => { throw err; });
                           ^
Error: 404 /favicon_v2.png (linked from /)
    at handleHttpError (file:///C:/Projek%20Coding/mamkl.m
y/landing_page/svelte.config.js?ts=1764591176503:30:11)
    at file:///C:/Projek%20Coding/mamkl.my/landing_page/no
de_modules/@sveltejs/kit/src/core/postbuild/prerender.js:7
5:25
    at save (file:///C:/Projek%20Coding/mamkl.my/landing_p
age/node_modules/@sveltejs/kit/src/core/postbuild/prerende
r.js:464:4)
    at visit (file:///C:/Projek%20Coding/mamkl.my/landing_
page/node_modules/@sveltejs/kit/src/core/postbuild/prerend
er.js:283:3)

Node.js v22.18.0
